src/views/VideoDetailView.vue(144,45): error TS2339: Property 'statistics' does not exist on type '{ id: { kind: string; videoId: string; }; snippet: any; duration?: string | undefined; isShort?: boolean | undefined; }'.
src/views/VideoDetailView.vue(179,42): error TS2339: Property 'statistics' does not exist on type '{ id: { kind: string; videoId: string; }; snippet: any; duration?: string | undefined; isShort?: boolean | undefined; }'.
